time=2026-06-29T23:12:22.680+02:00 level=INFO msg="Application started" app=1000words-game
time=2026-06-29T23:12:22.704+02:00 level=INFO msg="Database connected" path=words.db
time=2026-06-29T23:12:22.774+02:00 level=ERROR msg="Game failed" error="SQL logic error: near \"FROM\": syntax error (1)"
time=2026-06-29T23:14:35.682+02:00 level=INFO msg="Application started" app=1000words-game
time=2026-06-29T23:14:35.707+02:00 level=INFO msg="Database connected" path=words.db
time=2026-06-29T23:14:35.777+02:00 level=ERROR msg="Game failed" error="SQL logic error: near \"FROM\": syntax error (1)"
time=2026-06-29T23:14:43.748+02:00 level=INFO msg="Application started" app=1000words-game
time=2026-06-29T23:14:43.773+02:00 level=INFO msg="Database connected" path=words.db
time=2026-06-29T23:15:18.359+02:00 level=INFO msg="Application finished"
time=2026-06-29T23:24:10.290+02:00 level=INFO msg="Application started" app=1000words-game
time=2026-06-29T23:24:10.322+02:00 level=INFO msg="Database connected" path=words.db
time=2026-06-29T23:24:10.792+02:00 level=ERROR msg="Game failed" error=EOF
time=2026-06-29T23:24:18.917+02:00 level=INFO msg="Application started" app=1000words-game
time=2026-06-29T23:24:18.939+02:00 level=INFO msg="Database connected" path=words.db
time=2026-06-29T23:24:23.122+02:00 level=INFO msg="Application finished"
time=2026-06-29T23:24:25.021+02:00 level=INFO msg="Application started" app=1000words-game
time=2026-06-29T23:24:25.048+02:00 level=INFO msg="Database connected" path=words.db
time=2026-06-29T23:28:33.910+02:00 level=INFO msg="Application started" app=1000words-game
time=2026-06-29T23:28:33.934+02:00 level=INFO msg="Database connected" path=words.db
time=2026-06-29T23:29:18.542+02:00 level=INFO msg="Application finished"
time=2026-06-29T23:29:20.347+02:00 level=INFO msg="Application started" app=1000words-game
time=2026-06-29T23:29:20.372+02:00 level=INFO msg="Database connected" path=words.db
time=2026-06-29T23:38:54.273+02:00 level=INFO msg="Application started" app=1000words-game
time=2026-06-29T23:38:54.297+02:00 level=INFO msg="Database connected" path=words.db
time=2026-06-29T23:39:00.603+02:00 level=INFO msg="Application finished"
time=2026-06-29T23:39:02.330+02:00 level=INFO msg="Application started" app=1000words-game
time=2026-06-29T23:39:02.356+02:00 level=INFO msg="Database connected" path=words.db
time=2026-06-30T00:04:26.461+02:00 level=INFO msg="Application finished"
time=2026-06-30T00:04:40.886+02:00 level=INFO msg="Application started" app=1000words-game
time=2026-06-30T00:04:40.909+02:00 level=INFO msg="Database connected" path=words.db
time=2026-06-30T00:14:43.754+02:00 level=INFO msg="Application started" app=1000words-game
time=2026-06-30T00:14:43.778+02:00 level=INFO msg="Database connected" path=words.db
time=2026-06-30T00:27:30.769+02:00 level=INFO msg="Application started" app=1000words-game
time=2026-06-30T00:27:30.793+02:00 level=INFO msg="Database connected" path=words.db
time=2026-06-30T00:27:35.236+02:00 level=INFO msg="Application finished"
time=2026-06-30T00:29:04.820+02:00 level=INFO msg="Application started" app=1000words-game
time=2026-06-30T00:29:04.843+02:00 level=INFO msg="Database connected" path=words.db
time=2026-06-30T00:29:07.271+02:00 level=INFO msg="Application finished"
